[2026-09-30 20:54:36,699] aaroh_backend - INFO - aaroh_ai_adapter.py:43 - Initializing AarohAIAdapter pointing to: C:\Users\Mayank\OneDrive\Desktop\Aaroh-AI
[2026-09-30 20:54:37,085] AAROH - INFO - session.py:47 - Using SQLite database at sqlite:///data\aaroh_local.db
[2026-09-30 20:54:37,092] AAROH - INFO - session.py:60 - Database schema initialized successfully.
[2026-09-30 20:54:43,574] AAROH - INFO - glossary_db.py:57 - Loaded 12 glossary terms into local memory cache.
[2026-09-30 20:54:45,602] AAROH - INFO - session.py:47 - Using SQLite database at sqlite:///data\aaroh_local.db
[2026-09-30 20:54:45,607] AAROH - INFO - session.py:60 - Database schema initialized successfully.
[2026-09-30 20:54:49,650] AAROH - INFO - content_cache.py:31 - Loaded 10 entries from local content cache.
[2026-09-30 20:54:49,660] AAROH - INFO - content_cache.py:31 - Loaded 10 entries from local content cache.
[2026-09-30 20:54:49,662] AAROH - INFO - session.py:47 - Using SQLite database at sqlite:///data\aaroh_local.db
[2026-09-30 20:54:49,669] AAROH - INFO - session.py:60 - Database schema initialized successfully.
[2026-09-30 20:54:55,725] AAROH - INFO - content_cache.py:31 - Loaded 10 entries from local content cache.
[2026-09-30 20:54:55,726] AAROH - INFO - session.py:47 - Using SQLite database at sqlite:///data\aaroh_local.db
[2026-09-30 20:54:55,733] AAROH - INFO - session.py:60 - Database schema initialized successfully.
[2026-09-30 20:55:01,814] AAROH - INFO - content_cache.py:31 - Loaded 10 entries from local content cache.
[2026-09-30 20:55:01,815] AAROH - INFO - session.py:47 - Using SQLite database at sqlite:///data\aaroh_local.db
[2026-09-30 20:55:01,821] AAROH - INFO - session.py:60 - Database schema initialized successfully.
[2026-09-30 20:55:07,895] AAROH - INFO - content_cache.py:31 - Loaded 10 entries from local content cache.
[2026-09-30 20:55:11,931] AAROH - INFO - session.py:47 - Using SQLite database at sqlite:///data\aaroh_local.db
[2026-09-30 20:55:11,935] AAROH - INFO - session.py:60 - Database schema initialized successfully.
[2026-09-30 20:55:11,941] AAROH - INFO - session.py:47 - Using SQLite database at sqlite:///data\aaroh_local.db
[2026-09-30 20:55:11,947] AAROH - INFO - session.py:60 - Database schema initialized successfully.
[2026-09-30 20:55:13,968] aaroh_backend - INFO - aaroh_ai_adapter.py:99 - All 8 Aaroh-AI pipelines initialized successfully via adapter.
