[2026-09-30 22:45:48,095] aaroh_backend - INFO - aaroh_ai_adapter.py:43 - Initializing AarohAIAdapter pointing to: C:\Users\Mayank\OneDrive\Desktop\Aaroh-AI
[2026-09-30 22:45:48,371] AAROH - INFO - session.py:47 - Using SQLite database at sqlite:///data\aaroh_local.db
[2026-09-30 22:45:48,377] AAROH - INFO - session.py:60 - Database schema initialized successfully.
[2026-09-30 22:45:54,910] AAROH - INFO - glossary_db.py:57 - Loaded 12 glossary terms into local memory cache.
[2026-09-30 22:45:56,941] AAROH - INFO - session.py:47 - Using SQLite database at sqlite:///data\aaroh_local.db
[2026-09-30 22:45:56,950] AAROH - INFO - session.py:60 - Database schema initialized successfully.
[2026-09-30 22:46:01,008] AAROH - INFO - content_cache.py:31 - Loaded 10 entries from local content cache.
[2026-09-30 22:46:01,016] AAROH - INFO - content_cache.py:31 - Loaded 10 entries from local content cache.
[2026-09-30 22:46:01,017] AAROH - INFO - session.py:47 - Using SQLite database at sqlite:///data\aaroh_local.db
[2026-09-30 22:46:01,025] AAROH - INFO - session.py:60 - Database schema initialized successfully.
[2026-09-30 22:46:07,079] AAROH - INFO - content_cache.py:31 - Loaded 10 entries from local content cache.
[2026-09-30 22:46:07,080] AAROH - INFO - session.py:47 - Using SQLite database at sqlite:///data\aaroh_local.db
[2026-09-30 22:46:07,085] AAROH - INFO - session.py:60 - Database schema initialized successfully.
[2026-09-30 22:46:13,172] AAROH - INFO - content_cache.py:31 - Loaded 10 entries from local content cache.
[2026-09-30 22:46:13,174] AAROH - INFO - session.py:47 - Using SQLite database at sqlite:///data\aaroh_local.db
[2026-09-30 22:46:13,179] AAROH - INFO - session.py:60 - Database schema initialized successfully.
[2026-09-30 22:46:19,248] AAROH - INFO - content_cache.py:31 - Loaded 10 entries from local content cache.
[2026-09-30 22:46:23,307] AAROH - INFO - session.py:47 - Using SQLite database at sqlite:///data\aaroh_local.db
[2026-09-30 22:46:23,313] AAROH - INFO - session.py:60 - Database schema initialized successfully.
[2026-09-30 22:46:23,317] AAROH - INFO - session.py:47 - Using SQLite database at sqlite:///data\aaroh_local.db
[2026-09-30 22:46:23,324] AAROH - INFO - session.py:60 - Database schema initialized successfully.
[2026-09-30 22:46:25,350] aaroh_backend - INFO - aaroh_ai_adapter.py:98 - All 8 Aaroh-AI pipelines initialized successfully via adapter.
[2026-09-30 22:46:27,157] AAROH - INFO - voice_tts.py:96 - Real human speech synthesized via gTTS: data\audio\custom_sat_02e5f8b3.mp3 (2.77s)
