[2026-09-30 22:23:08,952] aaroh_backend - INFO - aaroh_ai_adapter.py:43 - Initializing AarohAIAdapter pointing to: C:\Users\Mayank\OneDrive\Desktop\Aaroh-AI
[2026-09-30 22:23:09,358] AAROH - INFO - session.py:47 - Using SQLite database at sqlite:///data\aaroh_local.db
[2026-09-30 22:23:09,364] AAROH - INFO - session.py:60 - Database schema initialized successfully.
[2026-09-30 22:23:16,247] AAROH - INFO - glossary_db.py:57 - Loaded 12 glossary terms into local memory cache.
[2026-09-30 22:23:18,266] AAROH - INFO - session.py:47 - Using SQLite database at sqlite:///data\aaroh_local.db
[2026-09-30 22:23:18,273] AAROH - INFO - session.py:60 - Database schema initialized successfully.
[2026-09-30 22:23:22,331] AAROH - INFO - content_cache.py:31 - Loaded 10 entries from local content cache.
[2026-09-30 22:23:22,339] AAROH - INFO - content_cache.py:31 - Loaded 10 entries from local content cache.
[2026-09-30 22:23:22,340] AAROH - INFO - session.py:47 - Using SQLite database at sqlite:///data\aaroh_local.db
[2026-09-30 22:23:22,345] AAROH - INFO - session.py:60 - Database schema initialized successfully.
[2026-09-30 22:23:28,422] AAROH - INFO - content_cache.py:31 - Loaded 10 entries from local content cache.
[2026-09-30 22:23:28,424] AAROH - INFO - session.py:47 - Using SQLite database at sqlite:///data\aaroh_local.db
[2026-09-30 22:23:28,429] AAROH - INFO - session.py:60 - Database schema initialized successfully.
[2026-09-30 22:23:34,489] AAROH - INFO - content_cache.py:31 - Loaded 10 entries from local content cache.
[2026-09-30 22:23:34,490] AAROH - INFO - session.py:47 - Using SQLite database at sqlite:///data\aaroh_local.db
[2026-09-30 22:23:34,496] AAROH - INFO - session.py:60 - Database schema initialized successfully.
[2026-09-30 22:23:40,581] AAROH - INFO - content_cache.py:31 - Loaded 10 entries from local content cache.
[2026-09-30 22:23:44,617] AAROH - INFO - session.py:47 - Using SQLite database at sqlite:///data\aaroh_local.db
[2026-09-30 22:23:44,623] AAROH - INFO - session.py:60 - Database schema initialized successfully.
[2026-09-30 22:23:44,628] AAROH - INFO - session.py:47 - Using SQLite database at sqlite:///data\aaroh_local.db
[2026-09-30 22:23:44,637] AAROH - INFO - session.py:60 - Database schema initialized successfully.
[2026-09-30 22:23:46,667] aaroh_backend - INFO - aaroh_ai_adapter.py:98 - All 8 Aaroh-AI pipelines initialized successfully via adapter.
