[2026-09-30 22:00:58,733] aaroh_backend - INFO - postgres.py:53 - Using SQLite database for curriculum and learning data at: sqlite:///data\aaroh_backend.db
[2026-09-30 22:00:58,750] aaroh_backend - INFO - postgres.py:66 - PostgreSQL schema initialized successfully.
[2026-09-30 22:01:00,318] aaroh_backend - INFO - aaroh_ai_adapter.py:43 - Initializing AarohAIAdapter pointing to: C:\Users\Mayank\OneDrive\Desktop\Aaroh-AI
[2026-09-30 22:01:00,563] AAROH - INFO - session.py:47 - Using SQLite database at sqlite:///data\aaroh_local.db
[2026-09-30 22:01:00,568] AAROH - INFO - session.py:60 - Database schema initialized successfully.
[2026-09-30 22:01:07,028] AAROH - INFO - glossary_db.py:57 - Loaded 12 glossary terms into local memory cache.
[2026-09-30 22:01:09,116] AAROH - INFO - session.py:47 - Using SQLite database at sqlite:///data\aaroh_local.db
[2026-09-30 22:01:09,124] AAROH - INFO - session.py:60 - Database schema initialized successfully.
[2026-09-30 22:01:13,194] AAROH - INFO - content_cache.py:31 - Loaded 10 entries from local content cache.
[2026-09-30 22:01:13,203] AAROH - INFO - content_cache.py:31 - Loaded 10 entries from local content cache.
[2026-09-30 22:01:13,205] AAROH - INFO - session.py:47 - Using SQLite database at sqlite:///data\aaroh_local.db
[2026-09-30 22:01:13,213] AAROH - INFO - session.py:60 - Database schema initialized successfully.
[2026-09-30 22:01:19,285] AAROH - INFO - content_cache.py:31 - Loaded 10 entries from local content cache.
[2026-09-30 22:01:19,287] AAROH - INFO - session.py:47 - Using SQLite database at sqlite:///data\aaroh_local.db
[2026-09-30 22:01:19,293] AAROH - INFO - session.py:60 - Database schema initialized successfully.
[2026-09-30 22:01:25,358] AAROH - INFO - content_cache.py:31 - Loaded 10 entries from local content cache.
[2026-09-30 22:01:25,359] AAROH - INFO - session.py:47 - Using SQLite database at sqlite:///data\aaroh_local.db
[2026-09-30 22:01:25,366] AAROH - INFO - session.py:60 - Database schema initialized successfully.
[2026-09-30 22:01:31,433] AAROH - INFO - content_cache.py:31 - Loaded 10 entries from local content cache.
[2026-09-30 22:01:35,469] AAROH - INFO - session.py:47 - Using SQLite database at sqlite:///data\aaroh_local.db
[2026-09-30 22:01:35,478] AAROH - INFO - session.py:60 - Database schema initialized successfully.
[2026-09-30 22:01:35,482] AAROH - INFO - session.py:47 - Using SQLite database at sqlite:///data\aaroh_local.db
[2026-09-30 22:01:35,486] AAROH - INFO - session.py:60 - Database schema initialized successfully.
[2026-09-30 22:01:37,507] aaroh_backend - INFO - aaroh_ai_adapter.py:98 - All 8 Aaroh-AI pipelines initialized successfully via adapter.
[2026-09-30 22:01:38,004] aaroh_backend - INFO - main.py:35 - Starting AAROH Platform API v1.0.0 (development)...
[2026-09-30 22:01:38,004] aaroh_backend - INFO - mongodb.py:19 - Connecting to MongoDB at mongodb://mayankraj170804_db_user:gFmN37Om10iybgEP@ac-dql9vpr-shard-00-00.yfy2axz.mongodb.net:27017,ac-dql9vpr-shard-00-01.yfy2axz.mongodb.net:27017,ac-dql9vpr-shard-00-02.yfy2axz.mongodb.net:27017/?ssl=true&replicaSet=atlas-139c07-shard-0&authSource=admin&appName=Cluster0...
[2026-09-30 22:01:39,207] aaroh_backend - INFO - mongodb.py:30 - Connected to MongoDB database: aaroh_auth_db
[2026-09-30 22:01:39,943] aaroh_backend - INFO - mongodb.py:74 - MongoDB identity indexes initialized successfully.
[2026-09-30 22:01:39,943] aaroh_backend - INFO - main.py:37 - MongoDB identity database ready.
[2026-09-30 22:01:39,943] aaroh_backend - INFO - main.py:38 - PostgreSQL learning & curriculum database ready.
[2026-09-30 22:01:39,943] aaroh_backend - INFO - main.py:39 - Aaroh-AI integration ready at: C:\Users\Mayank\OneDrive\Desktop\Aaroh-AI
[2026-09-30 22:01:40,118] aaroh_backend - INFO - mongodb.py:84 - MongoDB client disconnected.
[2026-09-30 22:01:40,118] aaroh_backend - INFO - main.py:43 - Shutdown complete for AAROH Platform API.
